------------------------------------------------------------
TimeQuest Timing Analyzer Summary
------------------------------------------------------------

Type  : Slow Model Setup 'clk'
Slack : -11.785
TNS   : -1369.933

Type  : Slow Model Setup 'curt_state.finishing'
Slack : -3.418
TNS   : -12.358

Type  : Slow Model Hold 'clk'
Slack : -2.180
TNS   : -47.768

Type  : Slow Model Hold 'curt_state.finishing'
Slack : 0.798
TNS   : 0.000

Type  : Slow Model Recovery 'clk'
Slack : -2.441
TNS   : -18.466

Type  : Slow Model Removal 'clk'
Slack : 2.694
TNS   : 0.000

Type  : Slow Model Minimum Pulse Width 'clk'
Slack : -2.567
TNS   : -907.881

Type  : Slow Model Minimum Pulse Width 'curt_state.finishing'
Slack : 0.500
TNS   : 0.000

Type  : Fast Model Setup 'clk'
Slack : -2.855
TNS   : -346.093

Type  : Fast Model Setup 'curt_state.finishing'
Slack : -0.854
TNS   : -2.762

Type  : Fast Model Hold 'clk'
Slack : -1.446
TNS   : -50.101

Type  : Fast Model Hold 'curt_state.finishing'
Slack : 0.566
TNS   : 0.000

Type  : Fast Model Recovery 'clk'
Slack : -0.394
TNS   : -2.704

Type  : Fast Model Removal 'clk'
Slack : 1.100
TNS   : 0.000

Type  : Fast Model Minimum Pulse Width 'clk'
Slack : -1.627
TNS   : -588.828

Type  : Fast Model Minimum Pulse Width 'curt_state.finishing'
Slack : 0.500
TNS   : 0.000

------------------------------------------------------------
